// Jest Snapshot v1, https://goo.gl/fbAQLP

exports[`Footer component should render without errors 1`] = `
<div
  className="w3-flat-midnight-blue footer"
>
  Copyright of Â©2018 Maintenance Tracker by Chima Chukwuemeka
</div>
`;
