// Jest Snapshot v1, https://goo.gl/fbAQLP

exports[`Footer component should render without errors 1`] = `
<div
  className="ch-col-3"
>
  <i
    className="icon icon-md"
  />
  <h3>
    Repair
  </h3>
</div>
`;
