// Jest Snapshot v1, https://goo.gl/fbAQLP

exports[`Create Request component should render without errors 1`] = `
<div
  className="ch-modal"
>
  <div
    className="ch-modal-section"
  >
    <div
      className="ch-col-12 ch-modal-heading"
    >
      <h4>
        New Request
      </h4>
      <span
        onClick={[Function]}
      >
        Ã—
      </span>
    </div>
    <div
      className="ch-row"
    >
      <div
        className="ch-col-10"
      >
        <div
          className="ch-row"
        >
          <div
            className="ch-col-12"
          >
            <Alert
              backgroundColor="#E74C3C"
              message="No message"
            />
            <img
              alt="loading"
              src={null}
            />
          </div>
        </div>
        <form
          id="form-create-request"
          onSubmit={[Function]}
        >
          <label
            className="ch-label"
            htmlFor="title"
          >
            Title
          </label>
          <input
            className="ch-input"
            id="title"
            name="title"
            onChange={[Function]}
            required={true}
            type="text"
            value=""
          />
          <label
            className="ch-label"
            htmlFor="type"
          >
            Type
          </label>
          <select
            className="ch-input"
            id="type"
            name="type"
            onChange={[Function]}
            value="none"
          >
            <option
              value="none"
            >
              -- select --
            </option>
            <option
              value="repair"
            >
              Repair
            </option>
            <option
              value="maintenance"
            >
              Maintenance
            </option>
          </select>
          <label
            className="ch-label"
            htmlFor="description"
          >
            Description
          </label>
          <textarea
            className="ch-input ch-input-desc"
            id="description"
            name="description"
            onChange={[Function]}
            required={true}
            value=""
          />
          <button
            className="ch-btn-round"
            type="submit"
          >
            Submit Request
          </button>
        </form>
        <br />
      </div>
    </div>
  </div>
</div>
`;
