// Jest Snapshot v1, https://goo.gl/fbAQLP

exports[`Loader component should render without errors 1`] = `
<div
  className="loader-container"
>
  <div
    className="loader"
  >
    <img
      alt="loader"
      src={null}
    />
  </div>
</div>
`;
